/usr/local/lib/python3.12/site-packages/timm/models/layers/__init__.py:49: FutureWarning: Importing from timm.models.layers is deprecated, please import via timm.layers
  warnings.warn(f"Importing from {__name__} is deprecated, please import via timm.layers", FutureWarning)
[34m[1mval_GRL: [0mdata=/root/yolo-g-modal/domain/city_foggycity.yaml, weights=['/root/yolo-g-modal/runs/train/city_foggycity_advgrl_faithful_neck_all_alpha075_50ep/weights/best.pt'], batch_size=8, imgsz=640, conf_thres=0.001, iou_thres=0.6, task=val, device=0, workers=8, single_cls=False, augment=False, verbose=True, save_txt=False, save_hybrid=False, save_conf=False, save_json=False, project=/root/yolo-g-modal/runs/per_class_val, name=city_foggycity_advgrl_faithful_neck_all_alpha075_50ep, exist_ok=True, half=False, dnn=False, soft=False
YOLOv5 🚀 f47d8cd torch 2.8.0+cu129 CUDA:0 (NVIDIA L4, 22563.125MB)

Fusing layers... 
Model Summary: 367 layers, 46145973 parameters, 0 gradients, 107.8 GFLOPs

[34m[1mval: [0mScanning '/mnt/cityscape/labels/val_foggy.cache' images and labels... 500 found, 0 missing, 8 empty, 0 cor[0m
[34m[1mval: [0mScanning '/mnt/cityscape/labels/val_foggy.cache' images and labels... 500 found, 0 missing, 8 empty, 0 cor[0m
[34m[1mval: [0mWARNING: /mnt/cityscape/images/val_foggy/frankfurt_000001_016273.jpg: 1 duplicate labels removed
[34m[1mval: [0mWARNING: /mnt/cityscape/images/val_foggy/frankfurt_000001_017101.jpg: 1 duplicate labels removed
[34m[1mval: [0mWARNING: /mnt/cityscape/images/val_foggy/frankfurt_000001_077434.jpg: 1 duplicate labels removed
[34m[1mval: [0mWARNING: /mnt/cityscape/images/val_foggy/munster_000026_000019.jpg: 2 duplicate labels removed
[34m[1mval: [0mWARNING: /mnt/cityscape/images/val_foggy/munster_000029_000019.jpg: 1 duplicate labels removed
[34m[1mval: [0mWARNING: /mnt/cityscape/images/val_foggy/munster_000049_000019.jpg: 1 duplicate labels removed
[34m[1mval: [0mWARNING: /mnt/cityscape/images/val_foggy/munster_000108_000019.jpg: 1 duplicate labels removed
[34m[1mval: [0mWARNING: /mnt/cityscape/images/val_foggy/munster_000140_000019.jpg: 1 duplicate labels removed
[34m[1mval: [0mWARNING: /mnt/cityscape/images/val_foggy/munster_000141_000019.jpg: 1 duplicate labels removed
[34m[1mval: [0mWARNING: /mnt/cityscape/images/val_foggy/munster_000142_000019.jpg: 1 duplicate labels removed
[34m[1mval: [0mWARNING: /mnt/cityscape/images/val_foggy/munster_000167_000019.jpg: 1 duplicate labels removed

               Class     Images     Labels          P          R     mAP@.5 mAP@.5:.95:   0%|          | 0/63 [
               Class     Images     Labels          P          R     mAP@.5 mAP@.5:.95:   2%|▏         | 1/63 [
               Class     Images     Labels          P          R     mAP@.5 mAP@.5:.95:   3%|▎         | 2/63 [
               Class     Images     Labels          P          R     mAP@.5 mAP@.5:.95:   5%|▍         | 3/63 [
               Class     Images     Labels          P          R     mAP@.5 mAP@.5:.95:   6%|▋         | 4/63 [
               Class     Images     Labels          P          R     mAP@.5 mAP@.5:.95:  10%|▉         | 6/63 [
               Class     Images     Labels          P          R     mAP@.5 mAP@.5:.95:  13%|█▎        | 8/63 [
               Class     Images     Labels          P          R     mAP@.5 mAP@.5:.95:  16%|█▌        | 10/63 
               Class     Images     Labels          P          R     mAP@.5 mAP@.5:.95:  19%|█▉        | 12/63 
               Class     Images     Labels          P          R     mAP@.5 mAP@.5:.95:  22%|██▏       | 14/63 
               Class     Images     Labels          P          R     mAP@.5 mAP@.5:.95:  25%|██▌       | 16/63 
               Class     Images     Labels          P          R     mAP@.5 mAP@.5:.95:  29%|██▊       | 18/63 
               Class     Images     Labels          P          R     mAP@.5 mAP@.5:.95:  32%|███▏      | 20/63 
               Class     Images     Labels          P          R     mAP@.5 mAP@.5:.95:  35%|███▍      | 22/63 
               Class     Images     Labels          P          R     mAP@.5 mAP@.5:.95:  38%|███▊      | 24/63 
               Class     Images     Labels          P          R     mAP@.5 mAP@.5:.95:  41%|████▏     | 26/63 
               Class     Images     Labels          P          R     mAP@.5 mAP@.5:.95:  44%|████▍     | 28/63 
               Class     Images     Labels          P          R     mAP@.5 mAP@.5:.95:  48%|████▊     | 30/63 
               Class     Images     Labels          P          R     mAP@.5 mAP@.5:.95:  51%|█████     | 32/63 
               Class     Images     Labels          P          R     mAP@.5 mAP@.5:.95:  54%|█████▍    | 34/63 
               Class     Images     Labels          P          R     mAP@.5 mAP@.5:.95:  57%|█████▋    | 36/63 
               Class     Images     Labels          P          R     mAP@.5 mAP@.5:.95:  60%|██████    | 38/63 
               Class     Images     Labels          P          R     mAP@.5 mAP@.5:.95:  63%|██████▎   | 40/63 
               Class     Images     Labels          P          R     mAP@.5 mAP@.5:.95:  67%|██████▋   | 42/63 
               Class     Images     Labels          P          R     mAP@.5 mAP@.5:.95:  70%|██████▉   | 44/63 
               Class     Images     Labels          P          R     mAP@.5 mAP@.5:.95:  73%|███████▎  | 46/63 
               Class     Images     Labels          P          R     mAP@.5 mAP@.5:.95:  76%|███████▌  | 48/63 
               Class     Images     Labels          P          R     mAP@.5 mAP@.5:.95:  79%|███████▉  | 50/63 
               Class     Images     Labels          P          R     mAP@.5 mAP@.5:.95:  83%|████████▎ | 52/63 
               Class     Images     Labels          P          R     mAP@.5 mAP@.5:.95:  86%|████████▌ | 54/63 
               Class     Images     Labels          P          R     mAP@.5 mAP@.5:.95:  89%|████████▉ | 56/63 
               Class     Images     Labels          P          R     mAP@.5 mAP@.5:.95:  92%|█████████▏| 58/63 
               Class     Images     Labels          P          R     mAP@.5 mAP@.5:.95:  95%|█████████▌| 60/63 
               Class     Images     Labels          P          R     mAP@.5 mAP@.5:.95:  98%|█████████▊| 62/63 
               Class     Images     Labels          P          R     mAP@.5 mAP@.5:.95: 100%|██████████| 63/63 
                 all        500      10168      0.786      0.398      0.467      0.293
                 bus        500         98      0.869      0.388      0.478      0.388
             bicycle        500       1171      0.751      0.368      0.441      0.226
                 car        500       4667      0.875      0.548      0.659      0.439
          motorcycle        500        149      0.766      0.308      0.357      0.186
              person        500       3415       0.79      0.417      0.496      0.279
               rider        500        552      0.791      0.435      0.523      0.316
               train        500         23       0.91      0.478      0.479      0.279
               truck        500         93      0.541      0.241        0.3      0.232
Speed: 0.1ms pre-process, 5.6ms inference, 2.1ms NMS per image at shape (8, 3, 640, 640)
Results saved to [1m/root/yolo-g-modal/runs/per_class_val/city_foggycity_advgrl_faithful_neck_all_alpha075_50ep[0m
